FINDSTR: Cannot open R:/
FINDSTR: Cannot open [0-9]*)
